// Jest Snapshot v1, https://goo.gl/fbAQLP

exports[`matches snapshot 1`] = `
<div
  className="IdeaCard card"
  style={Object {}}
>
  <div
    className="card-body"
  >
    <div
      className="card-title h5"
    >
      Title
    </div>
    <div
      className="card-subtitle h6"
    >
      <span
        className="badge badge-primary"
      >
        label1
      </span>
      <span
        className="badge badge-primary"
      >
        label2
      </span>
    </div>
    <div
      className="card-text"
    >
      <p>
        Text
      </p>
    </div>
  </div>
  <div
    className="text-right card-footer"
  >
    <button
      className="edit btn btn-secondary btn-sm"
      disabled={false}
      onClick={[MockFunction]}
      type="button"
    >
      <svg
        aria-hidden="true"
        className="octicon"
        height={16}
        role="img"
        style={
          Object {
            "display": "inline-block",
            "fill": "currentColor",
            "userSelect": "none",
            "verticalAlign": "text-bottom",
          }
        }
        viewBox="0 0 14 16"
        width={14}
      >
        <path
          d="M0 12v3h3l8-8-3-3-8 8zm3 2H1v-2h1v1h1v1zm10.3-9.3L12 6 9 3l1.3-1.3a.996.996 0 0 1 1.41 0l1.59 1.59c.39.39.39 1.02 0 1.41z"
          fillRule="evenodd"
        />
      </svg>
    </button>
    <button
      className="delete btn btn-danger btn-sm"
      disabled={false}
      onClick={[MockFunction]}
      type="button"
    >
      <svg
        aria-hidden="true"
        className="octicon"
        height={16}
        role="img"
        style={
          Object {
            "display": "inline-block",
            "fill": "currentColor",
            "userSelect": "none",
            "verticalAlign": "text-bottom",
          }
        }
        viewBox="0 0 12 16"
        width={12}
      >
        <path
          d="M11 2H9c0-.55-.45-1-1-1H5c-.55 0-1 .45-1 1H2c-.55 0-1 .45-1 1v1c0 .55.45 1 1 1v9c0 .55.45 1 1 1h7c.55 0 1-.45 1-1V5c.55 0 1-.45 1-1V3c0-.55-.45-1-1-1zm-1 12H3V5h1v8h1V5h1v8h1V5h1v8h1V5h1v9zm1-10H2V3h9v1z"
          fillRule="evenodd"
        />
      </svg>
    </button>
  </div>
</div>
`;
