// Jest Snapshot v1, https://goo.gl/fbAQLP

exports[`matches snapshot 1`] = `
<div
  className="IdeasDashboard"
>
  <div
    className="AddIdeaCard card bg-secondary"
  >
    <div
      className="card-body"
    >
      <button
        className="btn btn-dark"
        disabled={false}
        onClick={[Function]}
        style={
          Object {
            "height": "100%",
            "width": "100%",
          }
        }
        type="button"
      >
        <svg
          aria-hidden="true"
          className="octicon"
          height={32}
          role="img"
          style={
            Object {
              "display": "inline-block",
              "fill": "currentColor",
              "userSelect": "none",
              "verticalAlign": "text-bottom",
            }
          }
          viewBox="0 0 12 16"
          width={24}
        >
          <path
            d="M12 9H7v5H5V9H0V7h5V2h2v5h5v2z"
            fillRule="evenodd"
          />
        </svg>
      </button>
    </div>
  </div>
</div>
`;
